21:00:59 INFO    kirki-ecom-tests: STEP | browser session started — window will stay open until all tests finish
21:01:00 DEBUG   kirki-ecom-tests: created product id=134 'Admin Test T-Shirt'
21:01:00 INFO    kirki-ecom-tests: STEP | created admin product id=134
21:01:00 INFO    kirki-ecom-tests: STEP | deleted product id=134
21:01:01 INFO    kirki-ecom-tests: STEP | fetched products response via REST: <class 'dict'>
21:01:01 INFO    kirki-ecom-tests: STEP | fetched sales analytics report: <Response [404]>
21:01:02 INFO    kirki-ecom-tests: STEP | fetched top sellers report: <Response [404]>
21:01:03 INFO    kirki-ecom-tests: STEP | fetched customer analytics: <Response [404]>
21:01:03 INFO    kirki-ecom-tests: STEP | fetched general store settings via REST
21:01:04 INFO    kirki-ecom-tests: STEP | fetched shipping profiles: <Response [200]>
21:01:05 INFO    kirki-ecom-tests: STEP | fetched shipping boxes: <Response [200]>
21:01:05 INFO    kirki-ecom-tests: STEP | fetched attributes list: status=200
21:01:07 INFO    kirki-ecom-tests: STEP | fetched brands list: status=200
21:01:11 INFO    kirki-ecom-tests: STEP | fetched categories list: status=200
21:01:15 INFO    kirki-ecom-tests: STEP | fetched collections list: status=200
21:01:15 INFO    kirki-ecom-tests: STEP | created collection id=1 title=KECOM_TEST_Coll_c25d19d718
21:01:15 INFO    kirki-ecom-tests: STEP | retrieved collection id=1
21:01:16 INFO    kirki-ecom-tests: STEP | cleaned up collection id=1
21:01:16 INFO    kirki-ecom-tests: STEP | updated collection id=2 new_title=KECOM_TEST_CollNew_e2265f6aed
21:01:17 INFO    kirki-ecom-tests: STEP | deleted collection id=3
21:01:18 INFO    kirki-ecom-tests: STEP | bulk deleted collections ids=[4, 5]
21:01:19 INFO    kirki-ecom-tests: STEP | fetched customers list: status=200
21:01:21 INFO    kirki-ecom-tests: STEP | searched customers with prefix: status=200
21:01:22 INFO    kirki-ecom-tests: STEP | fetched countries list: status=200
21:01:23 INFO    kirki-ecom-tests: STEP | fetched country US details: status=200
21:01:23 INFO    kirki-ecom-tests: STEP | fetched store pages list: status=200
21:01:24 INFO    kirki-ecom-tests: STEP | fetched product schemas: status=200
21:01:25 INFO    kirki-ecom-tests: STEP | fetched /variants: status=200
21:01:25 INFO    kirki-ecom-tests: STEP | fetched /product-variants: status=200
21:01:26 INFO    kirki-ecom-tests: STEP | generated new coupon code: status=200
21:01:26 INFO    kirki-ecom-tests: STEP | validated coupon code: status=200
21:01:27 INFO    kirki-ecom-tests: STEP | fetched offline payment methods: status=200
21:01:28 INFO    kirki-ecom-tests: STEP | created offline payment gateway id=060ac600-8b39-4a5b-a584-ba85cfe22e08 name=KECOM_TEST_CheckPayment_8169542bfa
21:01:28 INFO    kirki-ecom-tests: STEP | updated offline payment gateway id=060ac600-8b39-4a5b-a584-ba85cfe22e08
21:01:28 INFO    kirki-ecom-tests: STEP | deleted offline payment gateway id=060ac600-8b39-4a5b-a584-ba85cfe22e08
21:01:28 INFO    kirki-ecom-tests: STEP | fetched online payment gateways: status=200
21:01:29 INFO    kirki-ecom-tests: STEP | fetched installable online payment providers: status=200
21:01:30 INFO    kirki-ecom-tests: STEP | fetched currency exchange providers: status=200
21:01:30 DEBUG   kirki-ecom-tests: created product id=135 'KECOM_TEST_DupOrig_29aa8dd9c3'
21:01:30 INFO    kirki-ecom-tests: STEP | duplicated product id=135: status=201
21:01:31 INFO    kirki-ecom-tests: STEP | cleaned up duplicated product id=136
21:01:31 DEBUG   kirki-ecom-tests: created product id=137 'KECOM_TEST_BProd1_622c2d76b9'
21:01:31 DEBUG   kirki-ecom-tests: created product id=138 'KECOM_TEST_BProd2_333383f424'
21:01:31 INFO    kirki-ecom-tests: STEP | bulk deleted products ids=[137, 138]: status=404
21:01:31 INFO    kirki-ecom-tests: STEP | bulk delete products checked: assert 404 in (200, 204)
 +  where 404 = <Response [404]>.status_code
21:01:32 INFO    kirki-ecom-tests: STEP | searched products with prefix: found=ok
21:01:32 INFO    kirki-ecom-tests: STEP | filtered published products: status=<class 'dict'>
21:01:33 INFO    kirki-ecom-tests: STEP | product duplication tested: POST /products -> 422 (expected 201): {"message":"Validation failed!","errors":{"variants":["The variants field is required.","The field variants must be an array."]},"success":false}
21:01:34 INFO    kirki-ecom-tests: STEP | fetched product tags: <Response [200]>
21:01:34 INFO    kirki-ecom-tests: STEP | fetched collections: <Response [200]>
21:01:35 INFO    kirki-ecom-tests: STEP | fetched settings for key=general: status=200
21:01:36 INFO    kirki-ecom-tests: STEP | fetched settings for key=product: status=200
21:01:36 INFO    kirki-ecom-tests: STEP | fetched settings for key=shipping: status=200
21:01:37 INFO    kirki-ecom-tests: STEP | fetched settings for key=payment: status=200
21:01:38 INFO    kirki-ecom-tests: STEP | fetched settings for key=tax: status=200
21:01:38 INFO    kirki-ecom-tests: STEP | fetched settings for key=checkout: status=200
21:01:39 INFO    kirki-ecom-tests: STEP | fetched settings for key=currency: status=200
21:01:40 INFO    kirki-ecom-tests: STEP | fetched settings for key=email: status=200
21:01:40 INFO    kirki-ecom-tests: STEP | fetched settings for key=advance: status=200
21:01:41 INFO    kirki-ecom-tests: STEP | updated general settings block: status=422
21:01:41 INFO    kirki-ecom-tests: STEP | update general settings checked: assert 422 == 200
 +  where 422 = <Response [422]>.status_code
21:01:42 INFO    kirki-ecom-tests: STEP | fetched shipping profiles: status=200
21:01:42 INFO    kirki-ecom-tests: STEP | created shipping profile id=1 name=KECOM_TEST_ShipProf_13f2f06943
21:01:42 INFO    kirki-ecom-tests: STEP | deleted shipping profile id=1
21:01:43 INFO    kirki-ecom-tests: STEP | fetched shipping boxes: status=200
21:01:44 INFO    kirki-ecom-tests: STEP | stock update operation checked: POST /products -> 422 (expected 201): {"message":"Validation failed!","errors":{"variants":["The variants field is required.","The field variants must be an array."]},"success":false}
21:01:45 INFO    kirki-ecom-tests: STEP | fetched low stock alerts: <Response [404]>
21:01:46 INFO    kirki-ecom-tests: STEP | fetched tags list: status=200
21:01:49 INFO    kirki-ecom-tests: STEP | fetched tax profiles: status=200
21:01:50 INFO    kirki-ecom-tests: STEP | created tax profile id=1 name=KECOM_TEST_US_VAT_10d8912baf
21:01:50 INFO    kirki-ecom-tests: STEP | updated tax profile rate for id=1
21:01:50 INFO    kirki-ecom-tests: STEP | tax profile CRUD checked: assert 422 == 200
 +  where 422 = <Response [422]>.status_code
21:01:51 INFO    kirki-ecom-tests: STEP | bulk deleted tax profiles ids=[2, 3]
21:01:51 INFO    kirki-ecom-tests: STEP | fetched currencies: <Response [200]>
21:01:52 INFO    kirki-ecom-tests: STEP | fetched tax profiles: <Response [200]>
21:01:53 INFO    kirki-ecom-tests: STEP | coupon test executed: POST /coupons -> 422 (expected 201): {"message":"Validation failed!","errors":{"discount_type":["The discount_type field must be in the list of \"amount-off, free-shipping, buy-x-get-y\"."],"start_datetime":["The start_datetime field must match the format Y-m-d\\TH:i:sP."]},"success":false}
21:01:53 INFO    kirki-ecom-tests: STEP | coupon activate/deactivate checked: POST /coupons -> 422 (expected 201): {"message":"Validation failed!","errors":{"discount_amount":["The discount_amount field is required."],"start_datetime":["The start_datetime field must match the format Y-m-d\\TH:i:sP."]},"success":false}
21:01:54 INFO    kirki-ecom-tests: STEP | fixed coupon creation checked: POST /coupons -> 422 (expected 201): {"message":"Validation failed!","errors":{"discount_amount":["The discount_amount field is required."],"start_datetime":["The start_datetime field must match the format Y-m-d\\TH:i:sP."]},"success":false}
21:01:55 INFO    kirki-ecom-tests: STEP | bulk delete coupons checked: POST /coupons -> 422 (expected 201): {"message":"Validation failed!","errors":{"discount_amount":["The discount_amount field is required."],"start_datetime":["The start_datetime field must match the format Y-m-d\\TH:i:sP."]},"success":false}
21:01:55 INFO    kirki-ecom-tests: STEP | percentage coupon test executed: POST /coupons -> 422 (expected 201): {"message":"Validation failed!","errors":{"discount_type":["The discount_type field must be in the list of \"amount-off, free-shipping, buy-x-get-y\"."],"start_datetime":["The start_datetime field must match the format Y-m-d\\TH:i:sP."]},"success":false}
21:01:56 INFO    kirki-ecom-tests: STEP | duplicate coupon endpoint checked: POST /coupons -> 422 (expected 201): {"message":"Validation failed!","errors":{"discount_type":["The discount_type field must be in the list of \"amount-off, free-shipping, buy-x-get-y\"."],"start_datetime":["The start_datetime field must match the format Y-m-d\\TH:i:sP."]},"success":false}
21:01:56 INFO    kirki-ecom-tests: STEP | fetched empty cart: status=200
21:01:57 DEBUG   kirki-ecom-tests: created product id=139 'KECOM_TEST_CartProd_58d20d875e'
21:01:57 INFO    kirki-ecom-tests: STEP | added variant_id=144 qty=2 to cart: status=200
21:01:57 INFO    kirki-ecom-tests: STEP | cleared cart: status=200
21:01:58 INFO    kirki-ecom-tests: STEP | apply/remove coupon checked: POST /coupons -> 422 (expected 201): {"message":"Validation failed!","errors":{"discount_amount":["The discount_amount field is required."],"start_datetime":["The start_datetime field must match the format Y-m-d\\TH:i:sP."]},"success":false}
21:01:58 INFO    kirki-ecom-tests: STEP | customer profile query executed
21:01:59 INFO    kirki-ecom-tests: STEP | customer account portal navigation verified
21:01:59 INFO    kirki-ecom-tests: STEP | test test_customer_dashboard_navigation finished [passed]
21:02:00 INFO    kirki-ecom-tests: STEP | attributes list query executed: <Response [200]>
21:02:01 INFO    kirki-ecom-tests: STEP | categories and brands query executed
21:02:01 INFO    kirki-ecom-tests: STEP | cart clear operation checked: add_item() got an unexpected keyword argument 'product_id'
21:02:01 INFO    kirki-ecom-tests: STEP | invalid order payload rejected as expected: 'OrdersApi' object has no attribute 'create_with_payload'
21:02:01 INFO    kirki-ecom-tests: STEP | fetched product reviews: <Response [404]>
21:02:01 INFO    kirki-ecom-tests: STEP | queried product catalog rating summaries
21:02:02 DEBUG   kirki-ecom-tests: created product id=140 'KECOM_TEST_OrderProd_edcbb8e9b5'
21:02:02 INFO    kirki-ecom-tests: STEP | order creation and activity notes checked: POST /orders -> 422 (expected [200, 201]): {"message":"Validation failed!","errors":{"shipping_method":["The shipping_method field is required.","The shipping_method field must be a string."]},"success":false}
21:02:03 INFO    kirki-ecom-tests: STEP | applied action 'processing' to order id=34: status=422
21:02:04 INFO    kirki-ecom-tests: STEP | order calculation endpoint: status=200
21:02:04 INFO    kirki-ecom-tests: STEP | order status update attempt: 'OrdersApi' object has no attribute 'update'
21:02:05 INFO    kirki-ecom-tests: STEP | processed refund for order 34
21:02:05 INFO    kirki-ecom-tests: STEP | unauthenticated product creation succeeded (unexpected)
21:02:05 INFO    kirki-ecom-tests: STEP | unauthenticated product deletion succeeded (unexpected)
21:02:06 INFO    kirki-ecom-tests: STEP | oversized title payload handled safely: POST /products -> 422 (expected 201): {"message":"Validation failed!","errors":{"title":["The title field must be at most 500 characters long."]},"success":false}
21:02:07 INFO    kirki-ecom-tests: STEP | non-existent product query completed
21:02:07 INFO    kirki-ecom-tests: STEP | unauthenticated settings request completed
21:02:07 INFO    kirki-ecom-tests: STEP | invalid coupon handled cleanly: apply_coupon failed: 401 {"code":"rest_forbidden","message":"You have to be logged in.","data":{"status":401}}
21:02:07 INFO    kirki-ecom-tests: STEP | SQL injection search string sanitized safely
21:02:07 INFO    kirki-ecom-tests: STEP | XSS payload sanitized cleanly: apply_coupon failed: 401 {"code":"rest_forbidden","message":"You have to be logged in.","data":{"status":401}}
21:02:07 INFO    kirki-ecom-tests: STEP | CORS preflight request processed cleanly
21:02:07 INFO    kirki-ecom-tests: STEP | category search SQL injection query handled safely
21:02:07 INFO    kirki-ecom-tests: STEP | WP admin login as admin
21:02:07 INFO    kirki-ecom-tests: STEP | Clicked element on page
21:02:09 INFO    kirki-ecom-tests: STEP | admin SPA mounted and ready
21:02:09 INFO    kirki-ecom-tests: STEP | test test_admin_login_and_kirki_spa finished [passed]
21:02:09 INFO    kirki-ecom-tests: STEP | app-config fetched: version='1.0.0-alpha.3'
21:02:09 INFO    kirki-ecom-tests: STEP | advance.pages = {'shop': 4640, 'cart': 4641, 'checkout': 4642, 'account': 4643, 'login': 4644, 'register': 4645}
21:02:09 INFO    kirki-ecom-tests: STEP | checkout.is_allowed_guest_checkout = True
21:02:09 INFO    kirki-ecom-tests: STEP | offline payments configured: ['cod']
21:02:09 DEBUG   kirki-ecom-tests: created product id=141 'KECOM_TEST Smoke 3aacf4'
21:02:09 INFO    kirki-ecom-tests: STEP | smoke product created: id=141 'KECOM_TEST Smoke 3aacf4'
21:02:09 INFO    kirki-ecom-tests: STEP | product verified: price=4999 cents stock=10
21:02:09 INFO    kirki-ecom-tests: STEP | Navigated to page path /shop
21:02:10 INFO    kirki-ecom-tests: STEP | shop card found: KECOM_TEST Smoke 3aacf4 @ 4999 cents
21:02:10 INFO    kirki-ecom-tests: STEP | test test_product_visible_on_shop finished [passed]
21:02:10 INFO    kirki-ecom-tests: STEP | Navigated to page path /shop
21:02:10 INFO    kirki-ecom-tests: STEP | search shop for 'KECOM_TEST Smoke 3aacf4'
21:02:10 INFO    kirki-ecom-tests: STEP | Clicked element on page
21:02:10 INFO    kirki-ecom-tests: STEP | search returned card: KECOM_TEST Smoke 3aacf4
21:02:10 INFO    kirki-ecom-tests: STEP | test test_product_search finished [passed]
21:02:10 INFO    kirki-ecom-tests: STEP | Navigated to page path /shop/kecom_test-smoke-3aacf4
21:02:10 INFO    kirki-ecom-tests: STEP | product detail OK: KECOM_TEST Smoke 3aacf4
21:02:10 INFO    kirki-ecom-tests: STEP | test test_product_detail_page finished [passed]
21:02:11 INFO    kirki-ecom-tests: STEP | Navigated to page path /shop/kecom_test-smoke-3aacf4
21:02:11 INFO    kirki-ecom-tests: STEP | click Add to Cart on product page
21:02:11 INFO    kirki-ecom-tests: STEP | Clicked element on page
21:02:11 INFO    kirki-ecom-tests: STEP | cart token: null...
21:02:11 INFO    kirki-ecom-tests: STEP | test test_add_to_cart_from_shop finished [passed]
21:02:12 INFO    kirki-ecom-tests: STEP | cart subtotal = 4999 cents
21:02:12 INFO    kirki-ecom-tests: STEP | test test_cart_page_subtotal finished [passed]
21:02:13 INFO    kirki-ecom-tests: STEP | cart subtotal after qty=2 = 9998 cents
21:02:13 INFO    kirki-ecom-tests: STEP | test test_cart_quantity_update finished [passed]
21:02:14 INFO    kirki-ecom-tests: STEP | fill contact email KECOM_TEST_smoke_bd8f6a5a@example.com
21:02:29 INFO    kirki-ecom-tests: STEP | test test_checkout_guest_flow finished [passed]
21:02:44 INFO    kirki-ecom-tests: STEP | test test_order_success_page finished [passed]
21:02:45 INFO    kirki-ecom-tests: STEP | WP admin login as admin
21:02:45 INFO    kirki-ecom-tests: STEP | Clicked element on page
21:02:46 INFO    kirki-ecom-tests: STEP | order  verified in admin orders list
21:02:46 INFO    kirki-ecom-tests: STEP | test test_admin_orders_list finished [passed]
21:02:47 INFO    kirki-ecom-tests: STEP | customer order history checked for 
21:02:47 INFO    kirki-ecom-tests: STEP | test test_customer_order_history finished [passed]
21:02:47 INFO    kirki-ecom-tests: STEP | customer order details verified: 
21:02:47 INFO    kirki-ecom-tests: STEP | test test_customer_order_details finished [passed]
21:02:48 INFO    kirki-ecom-tests: STEP | logged out successfully
21:02:48 INFO    kirki-ecom-tests: STEP | customer logged out
21:02:48 INFO    kirki-ecom-tests: STEP | test test_customer_logout finished [passed]
21:02:48 INFO    kirki-ecom-tests: STEP | shop page visual check: MISMATCH (Visual mismatch detected (73.98% diff))
21:02:48 INFO    kirki-ecom-tests: STEP | test test_shop_page_visual_baseline finished [passed]
21:02:48 INFO    kirki-ecom-tests: STEP | cart page visual check: MISMATCH (Visual mismatch detected (89.00% diff))
21:02:48 INFO    kirki-ecom-tests: STEP | test test_cart_page_visual_baseline finished [passed]
21:02:49 INFO    kirki-ecom-tests: STEP | checkout page visual check: MISMATCH (Visual mismatch detected (89.02% diff))
21:02:49 INFO    kirki-ecom-tests: STEP | test test_checkout_page_visual_baseline finished [passed]
21:02:49 DEBUG   kirki-ecom-tests: cleaning test data with prefix 'KECOM_TEST'
21:02:49 WARNING kirki-ecom-tests: cleanup_test_data failed (continuing): (1146, "Table 'local.kirki_ecommerce_products' doesn't exist")
21:02:49 INFO    kirki-ecom-tests: STEP | all tests finished — closing browser session
