20:59:33 INFO    kirki-ecom-tests: STEP | browser session started — window will stay open until all tests finish
20:59:33 INFO    kirki-ecom-tests: STEP | WP admin login as admin
20:59:34 INFO    kirki-ecom-tests: STEP | Clicked element on page
20:59:35 INFO    kirki-ecom-tests: STEP | admin SPA mounted and ready
20:59:35 INFO    kirki-ecom-tests: STEP | test test_admin_login_and_kirki_spa finished [passed]
20:59:36 INFO    kirki-ecom-tests: STEP | app-config fetched: version='1.0.0-alpha.3'
20:59:36 INFO    kirki-ecom-tests: STEP | advance.pages = {'shop': 4640, 'cart': 4641, 'checkout': 4642, 'account': 4643, 'login': 4644, 'register': 4645}
20:59:36 INFO    kirki-ecom-tests: STEP | checkout.is_allowed_guest_checkout = True
20:59:36 INFO    kirki-ecom-tests: STEP | offline payments configured: ['cod']
20:59:36 DEBUG   kirki-ecom-tests: created product id=133 'KECOM_TEST Smoke 38d531'
20:59:36 INFO    kirki-ecom-tests: STEP | smoke product created: id=133 'KECOM_TEST Smoke 38d531'
20:59:36 INFO    kirki-ecom-tests: STEP | product verified: price=4999 cents stock=10
20:59:36 INFO    kirki-ecom-tests: STEP | Navigated to page path /shop
20:59:37 INFO    kirki-ecom-tests: STEP | shop card found: KECOM_TEST Smoke 38d531 @ 4999 cents
20:59:37 INFO    kirki-ecom-tests: STEP | test test_product_visible_on_shop finished [passed]
20:59:37 INFO    kirki-ecom-tests: STEP | Navigated to page path /shop
20:59:37 INFO    kirki-ecom-tests: STEP | search shop for 'KECOM_TEST Smoke 38d531'
20:59:37 INFO    kirki-ecom-tests: STEP | Clicked element on page
20:59:37 INFO    kirki-ecom-tests: STEP | search returned card: KECOM_TEST Smoke 38d531
20:59:37 INFO    kirki-ecom-tests: STEP | test test_product_search finished [passed]
20:59:37 INFO    kirki-ecom-tests: STEP | Navigated to page path /shop/kecom_test-smoke-38d531
20:59:38 INFO    kirki-ecom-tests: STEP | product detail OK: KECOM_TEST Smoke 38d531
20:59:38 INFO    kirki-ecom-tests: STEP | test test_product_detail_page finished [passed]
20:59:38 INFO    kirki-ecom-tests: STEP | Navigated to page path /shop/kecom_test-smoke-38d531
20:59:38 INFO    kirki-ecom-tests: STEP | click Add to Cart on product page
20:59:38 INFO    kirki-ecom-tests: STEP | Clicked element on page
20:59:38 INFO    kirki-ecom-tests: STEP | cart token: null...
20:59:38 INFO    kirki-ecom-tests: STEP | test test_add_to_cart_from_shop finished [passed]
20:59:39 INFO    kirki-ecom-tests: STEP | cart subtotal = 4999 cents
20:59:39 INFO    kirki-ecom-tests: STEP | test test_cart_page_subtotal finished [passed]
20:59:41 INFO    kirki-ecom-tests: STEP | cart subtotal after qty=2 = 9998 cents
20:59:41 INFO    kirki-ecom-tests: STEP | test test_cart_quantity_update finished [passed]
20:59:41 INFO    kirki-ecom-tests: STEP | fill contact email KECOM_TEST_smoke_59184b7f@example.com
20:59:57 INFO    kirki-ecom-tests: STEP | test test_checkout_guest_flow finished [passed]
21:00:12 INFO    kirki-ecom-tests: STEP | test test_order_success_page finished [passed]
21:00:13 INFO    kirki-ecom-tests: STEP | WP admin login as admin
21:00:13 INFO    kirki-ecom-tests: STEP | Clicked element on page
21:00:13 INFO    kirki-ecom-tests: STEP | order  verified in admin orders list
21:00:13 INFO    kirki-ecom-tests: STEP | test test_admin_orders_list finished [passed]
21:00:14 INFO    kirki-ecom-tests: STEP | customer order history checked for 
21:00:14 INFO    kirki-ecom-tests: STEP | test test_customer_order_history finished [passed]
21:00:14 INFO    kirki-ecom-tests: STEP | customer order details verified: 
21:00:14 INFO    kirki-ecom-tests: STEP | test test_customer_order_details finished [passed]
21:00:15 INFO    kirki-ecom-tests: STEP | logged out successfully
21:00:15 INFO    kirki-ecom-tests: STEP | customer logged out
21:00:15 INFO    kirki-ecom-tests: STEP | test test_customer_logout finished [passed]
21:00:16 DEBUG   kirki-ecom-tests: cleaning test data with prefix 'KECOM_TEST'
21:00:16 WARNING kirki-ecom-tests: cleanup_test_data failed (continuing): (1146, "Table 'local.kirki_ecommerce_products' doesn't exist")
21:00:16 INFO    kirki-ecom-tests: STEP | all tests finished — closing browser session
