17:06:05 INFO    kirki-ecom-tests: STEP | WP admin login as admin
17:06:07 INFO    kirki-ecom-tests: STEP | admin SPA mounted and ready
17:06:07 INFO    kirki-ecom-tests: STEP | app-config fetched: version='1.0.0-alpha.3'
17:06:08 INFO    kirki-ecom-tests: STEP | advance.pages = {'shop': 4640, 'cart': 4641, 'checkout': 4642, 'account': 4643, 'login': 4644, 'register': 4645}
17:06:08 INFO    kirki-ecom-tests: STEP | checkout.is_allowed_guest_checkout = True
17:06:08 INFO    kirki-ecom-tests: STEP | offline payments configured: ['cod']
17:06:08 DEBUG   kirki-ecom-tests: created product id=35 'KECOM_TEST Smoke 78caed'
17:06:08 INFO    kirki-ecom-tests: STEP | smoke product created: id=35 'KECOM_TEST Smoke 78caed'
17:06:08 INFO    kirki-ecom-tests: STEP | product verified: price=4999 cents stock=10
17:06:09 INFO    kirki-ecom-tests: STEP | shop card found: KECOM_TEST Smoke 78caed @ 4999 cents
17:06:10 INFO    kirki-ecom-tests: STEP | search shop for 'KECOM_TEST Smoke 78caed'
17:06:11 INFO    kirki-ecom-tests: STEP | search returned card: KECOM_TEST Smoke 78caed
17:06:12 INFO    kirki-ecom-tests: STEP | product detail OK: KECOM_TEST Smoke 78caed
17:06:13 INFO    kirki-ecom-tests: STEP | click Add to Cart on product page
17:06:13 INFO    kirki-ecom-tests: STEP | cart token: 31a6f315-dc8...
17:06:13 INFO    kirki-ecom-tests: STEP | cart via REST: 1 item(s)
17:06:15 INFO    kirki-ecom-tests: STEP | cart subtotal = 4999 cents
17:06:17 INFO    kirki-ecom-tests: STEP | cart subtotal after qty=2 = 9998 cents
17:06:17 INFO    kirki-ecom-tests: STEP | REST cart quantity = 2
17:06:19 INFO    kirki-ecom-tests: STEP | fill contact email KECOM_TEST_smoke_edc229f3@example.com
17:06:19 INFO    kirki-ecom-tests: STEP | fill shipping address for Smoke Customer
