17:45:53 INFO    kirki-ecom-tests: STEP | WP admin login as admin
17:45:55 INFO    kirki-ecom-tests: STEP | admin SPA mounted and ready
17:45:55 INFO    kirki-ecom-tests: STEP | app-config fetched: version='1.0.0-alpha.3'
17:45:55 INFO    kirki-ecom-tests: STEP | advance.pages = {'shop': 4640, 'cart': 4641, 'checkout': 4642, 'account': 4643, 'login': 4644, 'register': 4645}
17:45:55 INFO    kirki-ecom-tests: STEP | checkout.is_allowed_guest_checkout = True
17:45:56 INFO    kirki-ecom-tests: STEP | offline payments configured: ['cod']
17:45:56 DEBUG   kirki-ecom-tests: created product id=96 'KECOM_TEST Smoke 8eb7b2'
17:45:56 INFO    kirki-ecom-tests: STEP | smoke product created: id=96 'KECOM_TEST Smoke 8eb7b2'
17:45:56 INFO    kirki-ecom-tests: STEP | product verified: price=4999 cents stock=10
17:45:57 INFO    kirki-ecom-tests: STEP | shop card found: KECOM_TEST Smoke 8eb7b2 @ 4999 cents
17:45:58 INFO    kirki-ecom-tests: STEP | search shop for 'KECOM_TEST Smoke 8eb7b2'
17:45:59 INFO    kirki-ecom-tests: STEP | search returned card: KECOM_TEST Smoke 8eb7b2
17:46:00 INFO    kirki-ecom-tests: STEP | product detail OK: KECOM_TEST Smoke 8eb7b2
17:46:01 INFO    kirki-ecom-tests: STEP | click Add to Cart on product page
17:46:01 INFO    kirki-ecom-tests: STEP | cart token: 653bcc56-5bd...
17:46:01 INFO    kirki-ecom-tests: STEP | cart via REST: 1 item(s)
17:46:03 INFO    kirki-ecom-tests: STEP | cart subtotal = 4999 cents
17:46:05 INFO    kirki-ecom-tests: STEP | cart subtotal after qty=2 = 9998 cents
17:46:05 INFO    kirki-ecom-tests: STEP | REST cart quantity = 2
17:46:07 INFO    kirki-ecom-tests: STEP | fill contact email KECOM_TEST_smoke_88fbf0b8@example.com
17:46:07 INFO    kirki-ecom-tests: STEP | fill shipping address for Smoke Customer
17:46:07 INFO    kirki-ecom-tests: STEP | set billing-same-as-shipping = True
17:46:07 INFO    kirki-ecom-tests: STEP | select payment method cod
17:46:07 INFO    kirki-ecom-tests: STEP | checkout totals: subtotal=9998 shipping=0 total=9998
17:46:07 INFO    kirki-ecom-tests: STEP | click Place Order
17:46:08 INFO    kirki-ecom-tests: STEP | order created via REST: id=18 number=ORD-6A96BB0057B18
17:46:09 INFO    kirki-ecom-tests: STEP | order success: invoice ORD-6A96BB0057B18
17:46:10 INFO    kirki-ecom-tests: STEP | order verified: total=99.98 cents status=None payment=unpaid
17:46:10 INFO    kirki-ecom-tests: STEP | WP admin login as admin
17:46:14 INFO    kirki-ecom-tests: STEP | admin order detail OK: ORD-6A96BB0057B18
17:46:15 INFO    kirki-ecom-tests: STEP | WP admin login as admin
17:46:17 INFO    kirki-ecom-tests: STEP | customer order details verified: ORD-6A96BB0057B18
17:46:18 INFO    kirki-ecom-tests: STEP | logged out successfully
17:46:18 INFO    kirki-ecom-tests: STEP | customer logged out
17:46:18 DEBUG   kirki-ecom-tests: cleaning test data with prefix 'KECOM_TEST'
17:46:18 WARNING kirki-ecom-tests: cleanup_test_data failed (continuing): (1146, "Table 'local.kirki_ecommerce_products' doesn't exist")
