17:11:18 DEBUG   kirki-ecom-tests: created product id=47 'KECOM_TEST Smoke a56205'
17:11:18 INFO    kirki-ecom-tests: STEP | smoke product created: id=47 'KECOM_TEST Smoke a56205'
17:11:18 INFO    kirki-ecom-tests: STEP | product verified: price=4999 cents stock=10
17:11:20 INFO    kirki-ecom-tests: STEP | shop card found: KECOM_TEST Smoke a56205 @ 4999 cents
17:11:21 INFO    kirki-ecom-tests: STEP | search shop for 'KECOM_TEST Smoke a56205'
17:11:21 INFO    kirki-ecom-tests: STEP | search returned card: KECOM_TEST Smoke a56205
17:11:22 INFO    kirki-ecom-tests: STEP | product detail OK: KECOM_TEST Smoke a56205
17:11:23 INFO    kirki-ecom-tests: STEP | click Add to Cart on product page
17:11:23 INFO    kirki-ecom-tests: STEP | cart token: c1bf2b1e-771...
17:11:23 INFO    kirki-ecom-tests: STEP | cart via REST: 1 item(s)
17:11:25 INFO    kirki-ecom-tests: STEP | cart subtotal = 4999 cents
17:11:27 INFO    kirki-ecom-tests: STEP | cart subtotal after qty=2 = 9998 cents
17:11:28 INFO    kirki-ecom-tests: STEP | REST cart quantity = 2
17:11:29 INFO    kirki-ecom-tests: STEP | fill contact email KECOM_TEST_smoke_77bb5791@example.com
17:11:29 INFO    kirki-ecom-tests: STEP | fill shipping address for Smoke Customer
17:11:29 INFO    kirki-ecom-tests: STEP | set billing-same-as-shipping = True
17:11:29 INFO    kirki-ecom-tests: STEP | select payment method cod
17:11:29 INFO    kirki-ecom-tests: STEP | checkout totals: subtotal=9998 shipping=0 total=9998
17:11:29 INFO    kirki-ecom-tests: STEP | click Place Order
17:12:47 INFO    kirki-ecom-tests: STEP | login as KECOM_TEST_smoke_77bb5791@example.com
17:13:35 DEBUG   kirki-ecom-tests: cleaning test data with prefix 'KECOM_TEST'
17:13:35 WARNING kirki-ecom-tests: cleanup_test_data failed (continuing): (1146, "Table 'local.kirki_ecommerce_products' doesn't exist")
