20:20:48 DEBUG   kirki-ecom-tests: created product id=110 'Admin Test T-Shirt'
20:20:48 INFO    kirki-ecom-tests: STEP | created admin product id=110
20:20:48 INFO    kirki-ecom-tests: STEP | deleted product id=110
20:20:49 INFO    kirki-ecom-tests: STEP | fetched products response via REST: <class 'dict'>
20:20:49 INFO    kirki-ecom-tests: STEP | fetched currencies: <Response [200]>
20:20:50 INFO    kirki-ecom-tests: STEP | fetched tax profiles: <Response [200]>
20:20:51 INFO    kirki-ecom-tests: STEP | coupon test executed: POST /coupons -> 422 (expected 201): {"message":"Validation failed!","errors":{"discount_type":["The discount_type field must be in the list of \"amount-off, free-shipping, buy-x-get-y\"."],"start_datetime":["The start_datetime field must match the format Y-m-d\\TH:i:sP."]},"success":false}
20:20:51 INFO    kirki-ecom-tests: STEP | customer profile query executed
20:20:53 INFO    kirki-ecom-tests: STEP | customer account portal navigation verified
20:20:54 INFO    kirki-ecom-tests: STEP | attributes list query executed: <Response [200]>
20:20:55 INFO    kirki-ecom-tests: STEP | categories and brands query executed
20:20:55 INFO    kirki-ecom-tests: STEP | order status update attempt: 'OrdersApi' object has no attribute 'update'
20:20:56 INFO    kirki-ecom-tests: STEP | processed refund for order 25
20:20:56 INFO    kirki-ecom-tests: STEP | unauthenticated settings request completed
20:20:56 INFO    kirki-ecom-tests: STEP | invalid coupon handled cleanly: apply_coupon failed: 401 {"code":"rest_forbidden","message":"You have to be logged in.","data":{"status":401}}
20:20:57 INFO    kirki-ecom-tests: STEP | WP admin login as admin
20:20:58 INFO    kirki-ecom-tests: STEP | admin SPA mounted and ready
20:20:58 INFO    kirki-ecom-tests: STEP | app-config fetched: version='1.0.0-alpha.3'
20:20:58 INFO    kirki-ecom-tests: STEP | advance.pages = {'shop': 4640, 'cart': 4641, 'checkout': 4642, 'account': 4643, 'login': 4644, 'register': 4645}
20:20:58 INFO    kirki-ecom-tests: STEP | checkout.is_allowed_guest_checkout = True
20:20:59 INFO    kirki-ecom-tests: STEP | offline payments configured: ['cod']
20:20:59 DEBUG   kirki-ecom-tests: created product id=111 'KECOM_TEST Smoke cb61e8'
20:20:59 INFO    kirki-ecom-tests: STEP | smoke product created: id=111 'KECOM_TEST Smoke cb61e8'
20:20:59 INFO    kirki-ecom-tests: STEP | product verified: price=4999 cents stock=10
20:21:00 INFO    kirki-ecom-tests: STEP | shop card found: KECOM_TEST Smoke cb61e8 @ 4999 cents
20:21:01 INFO    kirki-ecom-tests: STEP | search shop for 'KECOM_TEST Smoke cb61e8'
20:21:02 INFO    kirki-ecom-tests: STEP | search returned card: KECOM_TEST Smoke cb61e8
20:21:03 INFO    kirki-ecom-tests: STEP | product detail OK: KECOM_TEST Smoke cb61e8
20:21:04 INFO    kirki-ecom-tests: STEP | click Add to Cart on product page
20:21:04 INFO    kirki-ecom-tests: STEP | cart token: 382ffe07-803...
20:21:05 INFO    kirki-ecom-tests: STEP | cart via REST: 1 item(s)
20:21:06 INFO    kirki-ecom-tests: STEP | cart subtotal = 4999 cents
20:21:08 INFO    kirki-ecom-tests: STEP | cart subtotal after qty=2 = 9998 cents
20:21:09 INFO    kirki-ecom-tests: STEP | REST cart quantity = 2
20:21:10 INFO    kirki-ecom-tests: STEP | fill contact email KECOM_TEST_smoke_ab85458b@example.com
20:21:10 INFO    kirki-ecom-tests: STEP | fill shipping address for Smoke Customer
20:21:10 INFO    kirki-ecom-tests: STEP | set billing-same-as-shipping = True
20:21:10 INFO    kirki-ecom-tests: STEP | select payment method cod
20:21:10 INFO    kirki-ecom-tests: STEP | checkout totals: subtotal=9998 shipping=0 total=9998
20:21:10 INFO    kirki-ecom-tests: STEP | click Place Order
20:21:11 INFO    kirki-ecom-tests: STEP | order created via REST: id=26 number=ORD-6A96DF57B04BB
20:21:12 INFO    kirki-ecom-tests: STEP | order success: invoice ORD-6A96DF57B04BB
20:21:13 INFO    kirki-ecom-tests: STEP | order verified: total=99.98 cents status=None payment=unpaid
20:21:14 INFO    kirki-ecom-tests: STEP | WP admin login as admin
20:21:15 INFO    kirki-ecom-tests: STEP | order ORD-6A96DF57B04BB verified in admin orders list
20:21:16 INFO    kirki-ecom-tests: STEP | admin order detail OK: ORD-6A96DF57B04BB
20:21:17 INFO    kirki-ecom-tests: STEP | customer order history checked for ORD-6A96DF57B04BB
20:21:18 INFO    kirki-ecom-tests: STEP | customer order details verified: ORD-6A96DF57B04BB
20:21:20 INFO    kirki-ecom-tests: STEP | logged out successfully
20:21:20 INFO    kirki-ecom-tests: STEP | customer logged out
20:21:21 INFO    kirki-ecom-tests: STEP | shop page visual check: BASELINE_CREATED (Created baseline for shop_page)
20:21:22 INFO    kirki-ecom-tests: STEP | cart page visual check: BASELINE_CREATED (Created baseline for cart_page)
20:21:24 INFO    kirki-ecom-tests: STEP | checkout page visual check: BASELINE_CREATED (Created baseline for checkout_page)
20:21:24 DEBUG   kirki-ecom-tests: cleaning test data with prefix 'KECOM_TEST'
20:21:24 WARNING kirki-ecom-tests: cleanup_test_data failed (continuing): (1146, "Table 'local.kirki_ecommerce_products' doesn't exist")
