17:47:47 DEBUG   kirki-ecom-tests: created product id=100 'Admin Test T-Shirt'
17:47:47 INFO    kirki-ecom-tests: STEP | created admin product id=100
17:47:47 INFO    kirki-ecom-tests: STEP | deleted product id=100
17:47:48 INFO    kirki-ecom-tests: STEP | fetched products response via REST: <class 'dict'>
17:47:48 INFO    kirki-ecom-tests: STEP | coupon test executed: POST /coupons -> 422 (expected 201): {"message":"Validation failed!","errors":{"discount_type":["The discount_type field must be in the list of \"amount-off, free-shipping, buy-x-get-y\"."],"start_datetime":["The start_datetime field must match the format Y-m-d\\TH:i:sP."]},"success":false}
17:47:48 INFO    kirki-ecom-tests: STEP | unauthenticated settings request completed
17:47:48 INFO    kirki-ecom-tests: STEP | invalid coupon handled cleanly: apply_coupon failed: 401 {"code":"rest_forbidden","message":"You have to be logged in.","data":{"status":401}}
17:47:49 INFO    kirki-ecom-tests: STEP | WP admin login as admin
17:47:50 INFO    kirki-ecom-tests: STEP | admin SPA mounted and ready
17:47:50 INFO    kirki-ecom-tests: STEP | app-config fetched: version='1.0.0-alpha.3'
17:47:50 INFO    kirki-ecom-tests: STEP | advance.pages = {'shop': 4640, 'cart': 4641, 'checkout': 4642, 'account': 4643, 'login': 4644, 'register': 4645}
17:47:50 INFO    kirki-ecom-tests: STEP | checkout.is_allowed_guest_checkout = True
17:47:50 INFO    kirki-ecom-tests: STEP | offline payments configured: ['cod']
17:47:50 DEBUG   kirki-ecom-tests: created product id=101 'KECOM_TEST Smoke 65ad61'
17:47:50 INFO    kirki-ecom-tests: STEP | smoke product created: id=101 'KECOM_TEST Smoke 65ad61'
17:47:51 INFO    kirki-ecom-tests: STEP | product verified: price=4999 cents stock=10
17:47:52 INFO    kirki-ecom-tests: STEP | shop card found: KECOM_TEST Smoke 65ad61 @ 4999 cents
17:47:53 INFO    kirki-ecom-tests: STEP | search shop for 'KECOM_TEST Smoke 65ad61'
17:47:53 INFO    kirki-ecom-tests: STEP | search returned card: KECOM_TEST Smoke 65ad61
17:47:54 INFO    kirki-ecom-tests: STEP | product detail OK: KECOM_TEST Smoke 65ad61
17:47:55 INFO    kirki-ecom-tests: STEP | click Add to Cart on product page
17:47:56 INFO    kirki-ecom-tests: STEP | cart token: ea468085-5fc...
17:47:56 INFO    kirki-ecom-tests: STEP | cart via REST: 1 item(s)
17:47:57 INFO    kirki-ecom-tests: STEP | cart subtotal = 4999 cents
17:48:00 INFO    kirki-ecom-tests: STEP | cart subtotal after qty=2 = 9998 cents
17:48:00 INFO    kirki-ecom-tests: STEP | REST cart quantity = 2
17:48:01 INFO    kirki-ecom-tests: STEP | fill contact email KECOM_TEST_smoke_f58a5089@example.com
17:48:01 INFO    kirki-ecom-tests: STEP | fill shipping address for Smoke Customer
17:48:02 INFO    kirki-ecom-tests: STEP | set billing-same-as-shipping = True
17:48:02 INFO    kirki-ecom-tests: STEP | select payment method cod
17:48:02 INFO    kirki-ecom-tests: STEP | checkout totals: subtotal=9998 shipping=0 total=9998
17:48:02 INFO    kirki-ecom-tests: STEP | click Place Order
17:48:02 INFO    kirki-ecom-tests: STEP | order created via REST: id=21 number=ORD-6A96BB72D79E4
17:48:05 INFO    kirki-ecom-tests: STEP | order success: invoice ORD-6A96BB72D79E4
17:48:05 INFO    kirki-ecom-tests: STEP | order verified: total=99.98 cents status=None payment=unpaid
17:48:06 INFO    kirki-ecom-tests: STEP | WP admin login as admin
17:48:07 INFO    kirki-ecom-tests: STEP | order ORD-6A96BB72D79E4 verified in admin orders list
17:48:08 INFO    kirki-ecom-tests: STEP | admin order detail OK: ORD-6A96BB72D79E4
17:48:09 INFO    kirki-ecom-tests: STEP | customer order history checked for ORD-6A96BB72D79E4
17:48:10 INFO    kirki-ecom-tests: STEP | customer order details verified: ORD-6A96BB72D79E4
17:48:11 INFO    kirki-ecom-tests: STEP | logged out successfully
17:48:11 INFO    kirki-ecom-tests: STEP | customer logged out
17:48:11 DEBUG   kirki-ecom-tests: cleaning test data with prefix 'KECOM_TEST'
17:48:11 WARNING kirki-ecom-tests: cleanup_test_data failed (continuing): (1146, "Table 'local.kirki_ecommerce_products' doesn't exist")
