17:47:16 DEBUG   kirki-ecom-tests: created product id=98 'Admin Test T-Shirt'
17:47:16 INFO    kirki-ecom-tests: STEP | created admin product id=98
17:47:16 INFO    kirki-ecom-tests: STEP | deleted product id=98
17:47:17 INFO    kirki-ecom-tests: STEP | coupon test executed: POST /coupons -> 422 (expected 201): {"message":"Validation failed!","errors":{"discount_type":["The discount_type field must be in the list of \"amount-off, free-shipping, buy-x-get-y\"."],"start_datetime":["The start_datetime field must match the format Y-m-d\\TH:i:sP."]},"success":false}
17:47:17 INFO    kirki-ecom-tests: STEP | invalid coupon handled cleanly: apply_coupon failed: 401 {"code":"rest_forbidden","message":"You have to be logged in.","data":{"status":401}}
17:47:18 INFO    kirki-ecom-tests: STEP | WP admin login as admin
17:47:19 INFO    kirki-ecom-tests: STEP | admin SPA mounted and ready
17:47:19 INFO    kirki-ecom-tests: STEP | app-config fetched: version='1.0.0-alpha.3'
17:47:19 INFO    kirki-ecom-tests: STEP | advance.pages = {'shop': 4640, 'cart': 4641, 'checkout': 4642, 'account': 4643, 'login': 4644, 'register': 4645}
17:47:19 INFO    kirki-ecom-tests: STEP | checkout.is_allowed_guest_checkout = True
17:47:19 INFO    kirki-ecom-tests: STEP | offline payments configured: ['cod']
17:47:19 DEBUG   kirki-ecom-tests: created product id=99 'KECOM_TEST Smoke 68b507'
17:47:19 INFO    kirki-ecom-tests: STEP | smoke product created: id=99 'KECOM_TEST Smoke 68b507'
17:47:20 INFO    kirki-ecom-tests: STEP | product verified: price=4999 cents stock=10
17:47:21 INFO    kirki-ecom-tests: STEP | shop card found: KECOM_TEST Smoke 68b507 @ 4999 cents
17:47:22 INFO    kirki-ecom-tests: STEP | search shop for 'KECOM_TEST Smoke 68b507'
17:47:22 INFO    kirki-ecom-tests: STEP | search returned card: KECOM_TEST Smoke 68b507
17:47:23 INFO    kirki-ecom-tests: STEP | product detail OK: KECOM_TEST Smoke 68b507
17:47:25 INFO    kirki-ecom-tests: STEP | click Add to Cart on product page
17:47:25 INFO    kirki-ecom-tests: STEP | cart token: 6abd9356-794...
17:47:25 INFO    kirki-ecom-tests: STEP | cart via REST: 1 item(s)
17:47:27 INFO    kirki-ecom-tests: STEP | cart subtotal = 4999 cents
17:47:29 INFO    kirki-ecom-tests: STEP | cart subtotal after qty=2 = 9998 cents
17:47:29 INFO    kirki-ecom-tests: STEP | REST cart quantity = 2
17:47:30 INFO    kirki-ecom-tests: STEP | fill contact email KECOM_TEST_smoke_06add453@example.com
17:47:30 INFO    kirki-ecom-tests: STEP | fill shipping address for Smoke Customer
17:47:31 INFO    kirki-ecom-tests: STEP | set billing-same-as-shipping = True
17:47:31 INFO    kirki-ecom-tests: STEP | select payment method cod
17:47:31 INFO    kirki-ecom-tests: STEP | checkout totals: subtotal=9998 shipping=0 total=9998
17:47:31 INFO    kirki-ecom-tests: STEP | click Place Order
17:47:31 INFO    kirki-ecom-tests: STEP | order created via REST: id=20 number=ORD-6A96BB53EDFE0
17:47:33 INFO    kirki-ecom-tests: STEP | order success: invoice ORD-6A96BB53EDFE0
17:47:33 INFO    kirki-ecom-tests: STEP | order verified: total=99.98 cents status=None payment=unpaid
17:47:34 INFO    kirki-ecom-tests: STEP | WP admin login as admin
17:47:35 INFO    kirki-ecom-tests: STEP | order ORD-6A96BB53EDFE0 verified in admin orders list
17:47:35 INFO    kirki-ecom-tests: STEP | admin order detail OK: ORD-6A96BB53EDFE0
17:47:36 INFO    kirki-ecom-tests: STEP | customer order history checked for ORD-6A96BB53EDFE0
17:47:38 INFO    kirki-ecom-tests: STEP | customer order details verified: ORD-6A96BB53EDFE0
17:47:39 INFO    kirki-ecom-tests: STEP | logged out successfully
17:47:39 INFO    kirki-ecom-tests: STEP | customer logged out
17:47:39 DEBUG   kirki-ecom-tests: cleaning test data with prefix 'KECOM_TEST'
17:47:39 WARNING kirki-ecom-tests: cleanup_test_data failed (continuing): (1146, "Table 'local.kirki_ecommerce_products' doesn't exist")
