18:03:47 DEBUG   kirki-ecom-tests: created product id=104 'Admin Test T-Shirt'
18:03:47 INFO    kirki-ecom-tests: STEP | created admin product id=104
18:03:47 INFO    kirki-ecom-tests: STEP | deleted product id=104
18:03:48 INFO    kirki-ecom-tests: STEP | fetched products response via REST: <class 'dict'>
18:03:49 INFO    kirki-ecom-tests: STEP | coupon test executed: POST /coupons -> 422 (expected 201): {"message":"Validation failed!","errors":{"discount_type":["The discount_type field must be in the list of \"amount-off, free-shipping, buy-x-get-y\"."],"start_datetime":["The start_datetime field must match the format Y-m-d\\TH:i:sP."]},"success":false}
18:03:49 INFO    kirki-ecom-tests: STEP | unauthenticated settings request completed
18:03:49 INFO    kirki-ecom-tests: STEP | invalid coupon handled cleanly: apply_coupon failed: 401 {"code":"rest_forbidden","message":"You have to be logged in.","data":{"status":401}}
18:03:49 INFO    kirki-ecom-tests: STEP | WP admin login as admin
18:03:51 INFO    kirki-ecom-tests: STEP | admin SPA mounted and ready
18:03:51 INFO    kirki-ecom-tests: STEP | app-config fetched: version='1.0.0-alpha.3'
18:03:51 INFO    kirki-ecom-tests: STEP | advance.pages = {'shop': 4640, 'cart': 4641, 'checkout': 4642, 'account': 4643, 'login': 4644, 'register': 4645}
18:03:51 INFO    kirki-ecom-tests: STEP | checkout.is_allowed_guest_checkout = True
18:03:51 INFO    kirki-ecom-tests: STEP | offline payments configured: ['cod']
18:03:51 DEBUG   kirki-ecom-tests: created product id=105 'KECOM_TEST Smoke 796a18'
18:03:51 INFO    kirki-ecom-tests: STEP | smoke product created: id=105 'KECOM_TEST Smoke 796a18'
18:03:51 INFO    kirki-ecom-tests: STEP | product verified: price=4999 cents stock=10
18:03:52 INFO    kirki-ecom-tests: STEP | shop card found: KECOM_TEST Smoke 796a18 @ 4999 cents
18:03:53 INFO    kirki-ecom-tests: STEP | search shop for 'KECOM_TEST Smoke 796a18'
18:03:54 INFO    kirki-ecom-tests: STEP | search returned card: KECOM_TEST Smoke 796a18
18:03:55 INFO    kirki-ecom-tests: STEP | product detail OK: KECOM_TEST Smoke 796a18
18:03:56 INFO    kirki-ecom-tests: STEP | click Add to Cart on product page
18:03:57 INFO    kirki-ecom-tests: STEP | cart token: 34dd3ffe-ec3...
18:03:57 INFO    kirki-ecom-tests: STEP | cart via REST: 1 item(s)
18:03:58 INFO    kirki-ecom-tests: STEP | cart subtotal = 4999 cents
18:04:00 INFO    kirki-ecom-tests: STEP | cart subtotal after qty=2 = 9998 cents
18:04:01 INFO    kirki-ecom-tests: STEP | REST cart quantity = 2
18:04:02 INFO    kirki-ecom-tests: STEP | fill contact email KECOM_TEST_smoke_1c5a3cb9@example.com
18:04:02 INFO    kirki-ecom-tests: STEP | fill shipping address for Smoke Customer
18:04:02 INFO    kirki-ecom-tests: STEP | set billing-same-as-shipping = True
18:04:02 INFO    kirki-ecom-tests: STEP | select payment method cod
18:04:03 INFO    kirki-ecom-tests: STEP | checkout totals: subtotal=9998 shipping=0 total=9998
18:04:03 INFO    kirki-ecom-tests: STEP | click Place Order
18:04:03 INFO    kirki-ecom-tests: STEP | order created via REST: id=23 number=ORD-6A96BF33CCA6D
18:04:04 INFO    kirki-ecom-tests: STEP | order success: invoice ORD-6A96BF33CCA6D
18:04:05 INFO    kirki-ecom-tests: STEP | order verified: total=99.98 cents status=None payment=unpaid
18:04:06 INFO    kirki-ecom-tests: STEP | WP admin login as admin
18:04:07 INFO    kirki-ecom-tests: STEP | order ORD-6A96BF33CCA6D verified in admin orders list
18:04:07 INFO    kirki-ecom-tests: STEP | admin order detail OK: ORD-6A96BF33CCA6D
18:04:08 INFO    kirki-ecom-tests: STEP | customer order history checked for ORD-6A96BF33CCA6D
18:04:10 INFO    kirki-ecom-tests: STEP | customer order details verified: ORD-6A96BF33CCA6D
18:04:11 INFO    kirki-ecom-tests: STEP | logged out successfully
18:04:11 INFO    kirki-ecom-tests: STEP | customer logged out
18:04:11 DEBUG   kirki-ecom-tests: cleaning test data with prefix 'KECOM_TEST'
18:04:11 WARNING kirki-ecom-tests: cleanup_test_data failed (continuing): (1146, "Table 'local.kirki_ecommerce_products' doesn't exist")
