18:04:35 DEBUG   kirki-ecom-tests: created product id=106 'Admin Test T-Shirt'
18:04:35 INFO    kirki-ecom-tests: STEP | created admin product id=106
18:04:36 INFO    kirki-ecom-tests: STEP | deleted product id=106
18:04:36 INFO    kirki-ecom-tests: STEP | fetched products response via REST: <class 'dict'>
18:04:37 INFO    kirki-ecom-tests: STEP | fetched currencies: <Response [200]>
18:04:38 INFO    kirki-ecom-tests: STEP | fetched tax profiles: <Response [200]>
18:04:38 INFO    kirki-ecom-tests: STEP | coupon test executed: POST /coupons -> 422 (expected 201): {"message":"Validation failed!","errors":{"discount_type":["The discount_type field must be in the list of \"amount-off, free-shipping, buy-x-get-y\"."],"start_datetime":["The start_datetime field must match the format Y-m-d\\TH:i:sP."]},"success":false}
18:04:39 INFO    kirki-ecom-tests: STEP | customer profile query executed
18:04:40 INFO    kirki-ecom-tests: STEP | customer account portal navigation verified
18:04:41 INFO    kirki-ecom-tests: STEP | attributes list query executed: <Response [200]>
18:04:42 INFO    kirki-ecom-tests: STEP | categories and brands query executed
18:04:42 INFO    kirki-ecom-tests: STEP | order status update attempt: 'OrdersApi' object has no attribute 'update'
18:04:43 INFO    kirki-ecom-tests: STEP | processed refund for order 23
18:04:43 INFO    kirki-ecom-tests: STEP | unauthenticated settings request completed
18:04:43 INFO    kirki-ecom-tests: STEP | invalid coupon handled cleanly: apply_coupon failed: 401 {"code":"rest_forbidden","message":"You have to be logged in.","data":{"status":401}}
18:04:44 INFO    kirki-ecom-tests: STEP | WP admin login as admin
18:04:45 INFO    kirki-ecom-tests: STEP | admin SPA mounted and ready
18:04:45 INFO    kirki-ecom-tests: STEP | app-config fetched: version='1.0.0-alpha.3'
18:04:45 INFO    kirki-ecom-tests: STEP | advance.pages = {'shop': 4640, 'cart': 4641, 'checkout': 4642, 'account': 4643, 'login': 4644, 'register': 4645}
18:04:45 INFO    kirki-ecom-tests: STEP | checkout.is_allowed_guest_checkout = True
18:04:46 INFO    kirki-ecom-tests: STEP | offline payments configured: ['cod']
18:04:46 DEBUG   kirki-ecom-tests: created product id=107 'KECOM_TEST Smoke 6dad17'
18:04:46 INFO    kirki-ecom-tests: STEP | smoke product created: id=107 'KECOM_TEST Smoke 6dad17'
18:04:46 INFO    kirki-ecom-tests: STEP | product verified: price=4999 cents stock=10
18:04:47 INFO    kirki-ecom-tests: STEP | shop card found: KECOM_TEST Smoke 6dad17 @ 4999 cents
18:04:48 INFO    kirki-ecom-tests: STEP | search shop for 'KECOM_TEST Smoke 6dad17'
18:04:49 INFO    kirki-ecom-tests: STEP | search returned card: KECOM_TEST Smoke 6dad17
18:04:50 INFO    kirki-ecom-tests: STEP | product detail OK: KECOM_TEST Smoke 6dad17
18:04:51 INFO    kirki-ecom-tests: STEP | click Add to Cart on product page
18:04:51 INFO    kirki-ecom-tests: STEP | cart token: 17210442-e17...
18:04:51 INFO    kirki-ecom-tests: STEP | cart via REST: 1 item(s)
18:04:53 INFO    kirki-ecom-tests: STEP | cart subtotal = 4999 cents
18:04:55 INFO    kirki-ecom-tests: STEP | cart subtotal after qty=2 = 9998 cents
18:04:56 INFO    kirki-ecom-tests: STEP | REST cart quantity = 2
18:04:57 INFO    kirki-ecom-tests: STEP | fill contact email KECOM_TEST_smoke_b2aeb9c4@example.com
18:04:57 INFO    kirki-ecom-tests: STEP | fill shipping address for Smoke Customer
18:04:57 INFO    kirki-ecom-tests: STEP | set billing-same-as-shipping = True
18:04:57 INFO    kirki-ecom-tests: STEP | select payment method cod
18:04:58 INFO    kirki-ecom-tests: STEP | checkout totals: subtotal=9998 shipping=0 total=9998
18:04:58 INFO    kirki-ecom-tests: STEP | click Place Order
18:04:58 INFO    kirki-ecom-tests: STEP | order created via REST: id=24 number=ORD-6A96BF6AC6213
18:05:00 INFO    kirki-ecom-tests: STEP | order success: invoice ORD-6A96BF6AC6213
18:05:00 INFO    kirki-ecom-tests: STEP | order verified: total=99.98 cents status=None payment=unpaid
18:05:01 INFO    kirki-ecom-tests: STEP | WP admin login as admin
18:05:02 INFO    kirki-ecom-tests: STEP | order ORD-6A96BF6AC6213 verified in admin orders list
18:05:03 INFO    kirki-ecom-tests: STEP | admin order detail OK: ORD-6A96BF6AC6213
18:05:04 INFO    kirki-ecom-tests: STEP | customer order history checked for ORD-6A96BF6AC6213
18:05:05 INFO    kirki-ecom-tests: STEP | customer order details verified: ORD-6A96BF6AC6213
18:05:06 INFO    kirki-ecom-tests: STEP | logged out successfully
18:05:06 INFO    kirki-ecom-tests: STEP | customer logged out
18:05:06 DEBUG   kirki-ecom-tests: cleaning test data with prefix 'KECOM_TEST'
18:05:06 WARNING kirki-ecom-tests: cleanup_test_data failed (continuing): (1146, "Table 'local.kirki_ecommerce_products' doesn't exist")
