17:08:05 INFO    kirki-ecom-tests: STEP | WP admin login as admin
17:08:06 INFO    kirki-ecom-tests: STEP | admin SPA mounted and ready
17:08:07 INFO    kirki-ecom-tests: STEP | app-config fetched: version='1.0.0-alpha.3'
17:08:07 INFO    kirki-ecom-tests: STEP | advance.pages = {'shop': 4640, 'cart': 4641, 'checkout': 4642, 'account': 4643, 'login': 4644, 'register': 4645}
17:08:07 INFO    kirki-ecom-tests: STEP | checkout.is_allowed_guest_checkout = True
17:08:07 INFO    kirki-ecom-tests: STEP | offline payments configured: ['cod']
17:08:07 DEBUG   kirki-ecom-tests: created product id=41 'KECOM_TEST Smoke 99db52'
17:08:07 INFO    kirki-ecom-tests: STEP | smoke product created: id=41 'KECOM_TEST Smoke 99db52'
17:08:07 INFO    kirki-ecom-tests: STEP | product verified: price=4999 cents stock=10
17:08:08 INFO    kirki-ecom-tests: STEP | shop card found: KECOM_TEST Smoke 99db52 @ 4999 cents
17:08:09 INFO    kirki-ecom-tests: STEP | search shop for 'KECOM_TEST Smoke 99db52'
17:08:10 INFO    kirki-ecom-tests: STEP | search returned card: KECOM_TEST Smoke 99db52
17:08:11 INFO    kirki-ecom-tests: STEP | product detail OK: KECOM_TEST Smoke 99db52
17:08:12 INFO    kirki-ecom-tests: STEP | click Add to Cart on product page
17:08:12 INFO    kirki-ecom-tests: STEP | cart token: 837e5c0d-7f5...
17:08:13 INFO    kirki-ecom-tests: STEP | cart via REST: 1 item(s)
17:08:15 INFO    kirki-ecom-tests: STEP | cart subtotal = 4999 cents
17:08:17 INFO    kirki-ecom-tests: STEP | cart subtotal after qty=2 = 9998 cents
17:08:17 INFO    kirki-ecom-tests: STEP | REST cart quantity = 2
17:08:19 INFO    kirki-ecom-tests: STEP | fill contact email KECOM_TEST_smoke_b59791e5@example.com
17:08:19 INFO    kirki-ecom-tests: STEP | fill shipping address for Smoke Customer
17:08:19 INFO    kirki-ecom-tests: STEP | set billing-same-as-shipping = True
