17:46:25 INFO    kirki-ecom-tests: STEP | WP admin login as admin
17:46:26 INFO    kirki-ecom-tests: STEP | admin SPA mounted and ready
17:46:27 INFO    kirki-ecom-tests: STEP | app-config fetched: version='1.0.0-alpha.3'
17:46:27 INFO    kirki-ecom-tests: STEP | advance.pages = {'shop': 4640, 'cart': 4641, 'checkout': 4642, 'account': 4643, 'login': 4644, 'register': 4645}
17:46:27 INFO    kirki-ecom-tests: STEP | checkout.is_allowed_guest_checkout = True
17:46:27 INFO    kirki-ecom-tests: STEP | offline payments configured: ['cod']
17:46:28 DEBUG   kirki-ecom-tests: created product id=97 'KECOM_TEST Smoke 850586'
17:46:28 INFO    kirki-ecom-tests: STEP | smoke product created: id=97 'KECOM_TEST Smoke 850586'
17:46:28 INFO    kirki-ecom-tests: STEP | product verified: price=4999 cents stock=10
17:46:29 INFO    kirki-ecom-tests: STEP | shop card found: KECOM_TEST Smoke 850586 @ 4999 cents
17:46:30 INFO    kirki-ecom-tests: STEP | search shop for 'KECOM_TEST Smoke 850586'
17:46:30 INFO    kirki-ecom-tests: STEP | search returned card: KECOM_TEST Smoke 850586
17:46:31 INFO    kirki-ecom-tests: STEP | product detail OK: KECOM_TEST Smoke 850586
17:46:33 INFO    kirki-ecom-tests: STEP | click Add to Cart on product page
17:46:33 INFO    kirki-ecom-tests: STEP | cart token: 67f7c0f6-713...
17:46:33 INFO    kirki-ecom-tests: STEP | cart via REST: 1 item(s)
17:46:35 INFO    kirki-ecom-tests: STEP | cart subtotal = 4999 cents
17:46:37 INFO    kirki-ecom-tests: STEP | cart subtotal after qty=2 = 9998 cents
17:46:37 INFO    kirki-ecom-tests: STEP | REST cart quantity = 2
17:46:39 INFO    kirki-ecom-tests: STEP | fill contact email KECOM_TEST_smoke_fa41bbf3@example.com
17:46:39 INFO    kirki-ecom-tests: STEP | fill shipping address for Smoke Customer
17:46:39 INFO    kirki-ecom-tests: STEP | set billing-same-as-shipping = True
17:46:39 INFO    kirki-ecom-tests: STEP | select payment method cod
17:46:39 INFO    kirki-ecom-tests: STEP | checkout totals: subtotal=9998 shipping=0 total=9998
17:46:39 INFO    kirki-ecom-tests: STEP | click Place Order
17:46:40 INFO    kirki-ecom-tests: STEP | order created via REST: id=19 number=ORD-6A96BB2022B15
17:46:41 INFO    kirki-ecom-tests: STEP | order success: invoice ORD-6A96BB2022B15
17:46:42 INFO    kirki-ecom-tests: STEP | order verified: total=99.98 cents status=None payment=unpaid
17:46:42 INFO    kirki-ecom-tests: STEP | WP admin login as admin
17:46:43 INFO    kirki-ecom-tests: STEP | order ORD-6A96BB2022B15 verified in admin orders list
17:46:44 INFO    kirki-ecom-tests: STEP | admin order detail OK: ORD-6A96BB2022B15
17:46:45 INFO    kirki-ecom-tests: STEP | customer order history checked for ORD-6A96BB2022B15
17:46:46 INFO    kirki-ecom-tests: STEP | customer order details verified: ORD-6A96BB2022B15
17:46:47 INFO    kirki-ecom-tests: STEP | logged out successfully
17:46:47 INFO    kirki-ecom-tests: STEP | customer logged out
17:46:47 DEBUG   kirki-ecom-tests: cleaning test data with prefix 'KECOM_TEST'
17:46:47 WARNING kirki-ecom-tests: cleanup_test_data failed (continuing): (1146, "Table 'local.kirki_ecommerce_products' doesn't exist")
